# dune build
# OCAMLPARAM: unset
# Shared cache: enabled-except-user-rules
# Shared cache location: /home/calle/.cache/dune/db
# Workspace root: /home/calle/projects/ocaml-99problems
# Auto-detected concurrency: 8
# Dune context:
#  { name = "default"
#  ; kind = "default"
#  ; profile = Dev
#  ; merlin = true
#  ; fdo_target_exe = None
#  ; build_dir = In_build_dir "default"
#  ; instrument_with = []
#  }
$ /usr/bin/ocamlc.opt -config > /tmp/dune_b0087e_output
$ (cd _build/default && /usr/bin/ocamlopt.opt -w @1..3@5..28@31..39@43@46..47@49..57@61..62@67@69-40 -strict-sequence -strict-formats -short-paths -keep-locs -g -I bin/.main.eobjs/byte -I bin/.main.eobjs/native -I lib/.ocaml_99problems.objs/byte -I lib/.ocaml_99problems.objs/native -intf-suffix .ml -no-alias-deps -opaque -o bin/.main.eobjs/native/dune__exe__Main.cmx -c -impl bin/main.ml)
> File "bin/main.ml", line 7, characters 8-26:
> 7 | let rec read_lines_to_list() = 
>             ^^^^^^^^^^^^^^^^^^
> Error (warning 32 [unused-value-declaration]): unused value read_lines_to_list.
>
> File "bin/main.ml", line 47, characters 4-14:
> 47 | let palindrome (xs: 'a list): bool = 
>          ^^^^^^^^^^
> Error (warning 32 [unused-value-declaration]): unused value palindrome.
>
> File "bin/main.ml", lines 50-52, characters 0-24:
> 50 | type 'a node = 
> 51 |   | One of 'a 
> 52 |   | Many of 'a node list
> Error (warning 34 [unused-type-declaration]): unused type node.
>
> File "bin/main.ml", line 51, characters 2-13:
> 51 |   | One of 'a 
>        ^^^^^^^^^^^
> Error (warning 37 [unused-constructor]): unused constructor One.
>
> File "bin/main.ml", line 52, characters 2-24:
> 52 |   | Many of 'a node list
>        ^^^^^^^^^^^^^^^^^^^^^^
> Error (warning 37 [unused-constructor]): unused constructor Many.
[2]
